QA output created by 056
using backend plain store
finish check&repair test
Cluster status: running, auto-recovery enabled

Cluster created at DATE

Epoch Time           Version [Host:Port:V-Nodes,,,]
DATE      2 [127.0.0.1:7000:128, 127.0.0.1:7001:128, 127.0.0.1:7002:128, 127.0.0.1:7003:128, 127.0.0.1:7004:128, 127.0.0.1:7005:128, 127.0.0.1:7006:128]
DATE      1 [127.0.0.1:7000:128, 127.0.0.1:7001:128, 127.0.0.1:7002:128, 127.0.0.1:7003:128, 127.0.0.1:7004:128, 127.0.0.1:7005:128]
