QA output created by 115
using backend plain store
Cluster status: running, auto-recovery enabled
Cluster store: plain with 2 redundancy policy
Cluster vnodes strategy: auto
Cluster vnode mode: node
Cluster created at DATE

Epoch Time           Version [Host:Port:V-Nodes,,,]
DATE      1 [127.0.0.1:7000:63, 127.0.0.1:7001:128, 127.0.0.1:7002:193]
Cluster status: running, auto-recovery enabled
Cluster store: plain with 2 redundancy policy
Cluster vnodes strategy: auto
Cluster vnode mode: node
Cluster created at DATE

Epoch Time           Version [Host:Port:V-Nodes,,,]
DATE      2 [127.0.0.1:7000:50, 127.0.0.1:7001:102, 127.0.0.1:7002:154, 127.0.0.1:7003:206]
DATE      1 [127.0.0.1:7000:63, 127.0.0.1:7001:128, 127.0.0.1:7002:193]
using backend plain store
Cluster status: running, auto-recovery enabled
Cluster store: plain with 2 redundancy policy
Cluster vnodes strategy: fixed
Cluster vnode mode: node
Cluster created at DATE

Epoch Time           Version [Host:Port:V-Nodes,,,]
DATE      1 [127.0.0.1:7000:100, 127.0.0.1:7001:200, 127.0.0.1:7002:300]
Cluster status: running, auto-recovery enabled
Cluster store: plain with 2 redundancy policy
Cluster vnodes strategy: fixed
Cluster vnode mode: node
Cluster created at DATE

Epoch Time           Version [Host:Port:V-Nodes,,,]
DATE      2 [127.0.0.1:7000:100, 127.0.0.1:7001:200, 127.0.0.1:7002:300, 127.0.0.1:7003:400]
DATE      1 [127.0.0.1:7000:100, 127.0.0.1:7001:200, 127.0.0.1:7002:300]
using backend plain store
Cluster status: running, auto-recovery enabled
Cluster store: plain with 2 redundancy policy
Cluster vnodes strategy: fixed
Cluster vnode mode: node
Cluster created at DATE

Epoch Time           Version [Host:Port:V-Nodes,,,]
DATE      1 [127.0.0.1:7000:100, 127.0.0.1:7001:200, 127.0.0.1:7002:300]
Cluster status: running, auto-recovery enabled
Cluster store: plain with 2 redundancy policy
Cluster vnodes strategy: fixed
Cluster vnode mode: node
Cluster created at DATE

Epoch Time           Version [Host:Port:V-Nodes,,,]
DATE      3 [127.0.0.1:7000:100, 127.0.0.1:7001:200, 127.0.0.1:7002:300]
DATE      2 [127.0.0.1:7000:100, 127.0.0.1:7001:200, 127.0.0.1:7002:300, 127.0.0.1:7003:128]
DATE      1 [127.0.0.1:7000:100, 127.0.0.1:7001:200, 127.0.0.1:7002:300]
using backend plain store
Cluster status: running, auto-recovery enabled
Cluster store: plain with 2 redundancy policy
Cluster vnodes strategy: auto
Cluster vnode mode: node
Cluster created at DATE

Epoch Time           Version [Host:Port:V-Nodes,,,]
DATE      1 [127.0.0.1:7000:63, 127.0.0.1:7001:128, 127.0.0.1:7002:193]
Cluster status: running, auto-recovery enabled
Cluster store: plain with 2 redundancy policy
Cluster vnodes strategy: auto
Cluster vnode mode: node
Cluster created at DATE

Epoch Time           Version [Host:Port:V-Nodes,,,]
DATE      3 [127.0.0.1:7000:63, 127.0.0.1:7001:128, 127.0.0.1:7002:193]
DATE      2 [127.0.0.1:7000:50, 127.0.0.1:7001:102, 127.0.0.1:7002:154, 127.0.0.1:7003:206]
DATE      1 [127.0.0.1:7000:63, 127.0.0.1:7001:128, 127.0.0.1:7002:193]
