QA output created by 116
using backend plain store
using backend plain store
using backend plain store
using backend plain store
using backend plain store
